I/O options:
  database file   : multi_seq_ref.fasta
  query file      : query_e0.05.fasta
  alphabet        : dna5
  output file     : 1_.gff
  output format   : gff

User specified parameters:
  minimal match length             : 50
  maximal error rate (epsilon)     : 0.05 = (1/20)
  maximal x-drop                   : 5
  k-mer (q-gram) length            : 15
  search forward strand            : yes
  search reverse complement        : yes

  verification strategy            : exact
  maximal number of matches        : 50
  duplicate removal every          : 500

Calculated parameters:
  s^min        : 15
  threshold    : 1
  distance cut : 45
  delta        : 16
  overlap      : 2

Loaded 1 query sequence.
Loaded sequence 2.

All matches resulting from your search have an E-value of: 
        1.80927e-17 or smaller  (match score = 1, error penalty = -2)

Constructing index...

Aligning all query sequences to database sequence...
  2
    # SWIFT hits      : 6
    Longest hit       : 164
    Avg hit length    : 77
  2, complement

# Eps-matches     : 4
Longest eps-match : 196
Avg match length  : 141
